
[trastuzumab_resistance] ("HER2" OR ERBB2) AND breast cancer AND trastuzumab resistance
  geo: 25
  sra: 25
  gdc: 25
  cbioportal: 24

[trastuzumab_resistance] BT474 AND trastuzumab resistant
  geo: 25
  sra: 25
  gdc: 25
  cbioportal: 0

[trastuzumab_resistance] SKBR3 AND trastuzumab resistant
  geo: 25
  sra: 6
  gdc: 25
  cbioportal: 0

[trastuzumab_resistance] ERBB2 AND acquired resistance AND transcriptome
  geo: 1
  sra: 0
  gdc: 25
  cbioportal: 3

[tgfb_resistance] HER2 breast cancer TGF-beta resistance
  geo: 3
  sra: 0
  gdc: 25
  cbioportal: 24

[tgfb_resistance] trastuzumab resistance TGFBR1 SMAD
  geo: 0
  sra: 0
  gdc: 25
  cbioportal: 3

[tgfb_resistance] HER2 TGFB1 SMAD transcriptome
  geo: 0
  sra: 0
  gdc: 25
  cbioportal: 0

[checkpoint_resistance] HER2 breast cancer PD-L1 resistance
  geo: 0
  sra: 0
  gdc: 25
  cbioportal: 24

[checkpoint_resistance] HER2 CD274 immune resistance
  geo: 0
  sra: 0
  gdc: 25
  cbioportal: 3

[checkpoint_resistance] trastuzumab PD-L1 transcriptome
  geo: 0
  sra: 0
  gdc: 25
  cbioportal: 0

[checkpoint_resistance] HER2 PDCD1 checkpoint resistance
  geo: 0
  sra: 0
  gdc: 25
  cbioportal: 3
Parquet skipped: ("Could not convert '' with type str: tried to convert to int64", 'Conversion failed for column sample_count with type object')
/home/regulus/Documents/ATLAS/scripts/00a_dataset_discovery.py:263: Pandas4Warning: Timestamp.utcnow is deprecated and will be removed in a future version. Use Timestamp.now('UTC') instead.
  "created_utc": pd.Timestamp.utcnow().isoformat(),

=== 00A COMPLETE ===
Unique candidates: 168
source
GEO           63
SRA           56
GDC           25
CBIOPORTAL    24

/home/regulus/Documents/ATLAS/data/discovery/dataset_candidates.csv
