==============================================================================
ATLAS — 00C4 v3 INDEPENDENCE/MODALITY-AWARE VALIDATION SCORING
==============================================================================

Category counts:
independence_aware_category
EXCLUDE_OR_MANUAL_REVIEW        112
EXPLORATORY                      75
EXPLORATORY_MULTIOMIC             3
PRIMARY_VALIDATION                2
SUPPORTING_MULTIOMIC_CONTEXT      1

Top transcriptomic validation candidates:
 independence_aware_score independence_aware_category      dataset_id             modality_class phenotype_confidence resistant_sensitive_groups_defined biological_replication                  relationship_role                                                                                                                                                                                                         title
                       75          PRIMARY_VALIDATION   GEO:GSE121105     TRANSCRIPTOMIC_RNA_SEQ                 HIGH                               True                   True INDEPENDENT_OR_NO_OVERLAP_DETECTED                                               RNA sequencing of BT474 cells treated with trastuzumab or trastuzumab + pertuzumab and BT474-derived cells resistant to trastuzumab or trastuzumab + pertuzumab
                       75          PRIMARY_VALIDATION   GEO:GSE237606     TRANSCRIPTOMIC_RNA_SEQ                 HIGH                               True                   True        SUBSERIES_OR_NESTED_DATASET                                                               Molecular Atlas of HER2+ Breast Cancer Cells Stimulated with EGF and HRG: Temporal Insights into Mechanisms in Trastuzumab Resistance [RNA-Seq]
                       75                 EXPLORATORY   GEO:GSE237607     TRANSCRIPTOMIC_RNA_SEQ                 HIGH                               True                   True    SUPERSERIES_OR_UMBRELLA_DATASET                                                                         Molecular Atlas of HER2+ Breast Cancer Cells Stimulated with EGF and HRG: Temporal Insights into Mechanisms in Trastuzumab Resistance
                       50                 EXPLORATORY SRA:SRR33662216     TRANSCRIPTOMIC_RNA_SEQ                  LOW                              False                  False INDEPENDENT_OR_NO_OVERLAP_DETECTED                                                                                                                                                                                                           NaN
                       50                 EXPLORATORY   GEO:GSE161743     TRANSCRIPTOMIC_RNA_SEQ                  LOW                              False                  False INDEPENDENT_OR_NO_OVERLAP_DETECTED                                                            Adaptive responses to targeted therapy in HER2-positive breast cancer (RNAseq) - TBCRC 036 / LCCC1214 / ClinicalTrials.gov Identifier: NCT01875666
                       50                 EXPLORATORY   GEO:GSE197822  TRANSCRIPTOMIC_MICROARRAY                 HIGH                               True                   True INDEPENDENT_OR_NO_OVERLAP_DETECTED                                                                                                                                                          Expression data from HER2+ breast cancer cell lines.
                       50                 EXPLORATORY   GEO:GSE132055     TRANSCRIPTOMIC_RNA_SEQ                  LOW                              False                  False INDEPENDENT_OR_NO_OVERLAP_DETECTED                                                                                               Targeting the mevalonate pathway to overcome acquired anti-HER2 treatment resistance in breast cancer [RNA-seq]
                       50                 EXPLORATORY   GEO:GSE107473     TRANSCRIPTOMIC_RNA_SEQ                  LOW                              False                  False INDEPENDENT_OR_NO_OVERLAP_DETECTED                                                                                             tRNA-derived small non-coding RNAs (tDRs) as novel predictive biomarkers for trastuzumab-resistant breast cancer.
                       50                 EXPLORATORY SRA:SRR33662217     TRANSCRIPTOMIC_RNA_SEQ                  LOW                              False                  False INDEPENDENT_OR_NO_OVERLAP_DETECTED                                                                                                                                                                                                           NaN
                       50                 EXPLORATORY SRA:SRR33662215     TRANSCRIPTOMIC_RNA_SEQ                  LOW                              False                  False INDEPENDENT_OR_NO_OVERLAP_DETECTED                                                                                                                                                                                                           NaN
                       45                 EXPLORATORY   GEO:GSE114575     TRANSCRIPTOMIC_RNA_SEQ             MODERATE                               True                  False INDEPENDENT_OR_NO_OVERLAP_DETECTED                                                                                                               RNA-seq profiling of trastuzumab or lapatinib sensitive and resistant SKBR3 breast cancer cells
                       40                 EXPLORATORY   GEO:GSE244533     TRANSCRIPTOMIC_RNA_SEQ           UNRESOLVED                              False                  False        SUBSERIES_OR_NESTED_DATASET Unveiling alterations of epigenetic modifications and chromatin architecture leading to lipid metabolic reprogramming during the evolutionary trastuzumab adaptation of HER2-positive breast cancer [RNA-Seq]
                       40                 EXPLORATORY   GEO:GSE262860     TRANSCRIPTOMIC_RNA_SEQ           UNRESOLVED                              False                  False INDEPENDENT_OR_NO_OVERLAP_DETECTED                                                                      Fibroblast growth factor receptor four inhibitor FGF401 improves the efficacy of trastuzumab in FGFR4-overexpressing breast cancer cells
                       40                 EXPLORATORY   GEO:GSE297774     TRANSCRIPTOMIC_RNA_SEQ           UNRESOLVED                              False                  False INDEPENDENT_OR_NO_OVERLAP_DETECTED                                                                                                                  Epigenetic and 3D Genome Changes Drive Primary Trastuzumab Resistance in HER2+ Breast Cancer
                       40                 EXPLORATORY   GEO:GSE230326     TRANSCRIPTOMIC_RNA_SEQ           UNRESOLVED                              False                  False INDEPENDENT_OR_NO_OVERLAP_DETECTED                                                                       BRD8 is a therapeutic vulnerability for overcoming resistance to dual ER/HER2 blockade therapy in HR+/HER2+ breast cancer [bulkRNA-seq]
                       40                 EXPLORATORY   GEO:GSE230327 TRANSCRIPTOMIC_SINGLE_CELL           UNRESOLVED                              False                  False INDEPENDENT_OR_NO_OVERLAP_DETECTED                                                                         BRD8 is a therapeutic vulnerability for overcoming resistance to dual ER/HER2 blockade therapy in HR+/HER2+ breast cancer [scRNA-seq]
                       40                 EXPLORATORY   GEO:GSE300749     TRANSCRIPTOMIC_RNA_SEQ           UNRESOLVED                              False                  False INDEPENDENT_OR_NO_OVERLAP_DETECTED                                                                                                                Cannabinoid CB2 receptor drives trastuzumab resistance and predicts durable anti-HER2 response
                       40                 EXPLORATORY    GEO:GSE83608  TRANSCRIPTOMIC_MICROARRAY           UNRESOLVED                              False                  False INDEPENDENT_OR_NO_OVERLAP_DETECTED                                                                                                              SNP arrays of BT474 Latpatinib and/or Trastuzumab resistant cell lines for copy number analysis.
                       40                 EXPLORATORY    GEO:GSE55005     TRANSCRIPTOMIC_RNA_SEQ           UNRESOLVED                              False                  False                                NaN                                                                                                                  mRNA profiling reveals determinants of trastuzumab efficiency in HER2-positive breast cancer
                       40                 EXPLORATORY   GEO:GSE244537     TRANSCRIPTOMIC_RNA_SEQ           UNRESOLVED                              False                  False    SUPERSERIES_OR_UMBRELLA_DATASET           Unveiling alterations of epigenetic modifications and chromatin architecture leading to lipid metabolic reprogramming during the evolutionary trastuzumab adaptation of HER2-positive breast cancer

Supporting multi-omic datasets:
 independence_aware_score  independence_aware_category    dataset_id          modality_class                  relationship_role                                                                                                                                                                                                           title
                       75 SUPPORTING_MULTIOMIC_CONTEXT GEO:GSE237605         EPIGENOMIC_ATAC        SUBSERIES_OR_NESTED_DATASET                                                                Molecular Atlas of HER2+ Breast Cancer Cells Stimulated with EGF and HRG: Temporal Insights into Mechanisms in Trastuzumab Resistance [ATAC-Seq]
                       40        EXPLORATORY_MULTIOMIC GEO:GSE244535      EPIGENOMIC_CUT_TAG        SUBSERIES_OR_NESTED_DATASET Unveiling alterations of epigenetic modifications and chromatin architecture leading to lipid metabolic reprogramming during the evolutionary trastuzumab adaptation of HER2-positive breast cancer [Cut & Tag]
                       40        EXPLORATORY_MULTIOMIC GEO:GSE286038         EPIGENOMIC_ATAC INDEPENDENT_OR_NO_OVERLAP_DETECTED                                                                                       BRD8 is a therapeutic vulnerability for overcoming resistance to dual ER/HER2 blockade therapy in HR+/HER2+ breast cancer
                       25        EXPLORATORY_MULTIOMIC GEO:GSE189160 EPITRANSCRIPTOMIC_MERIP INDEPENDENT_OR_NO_OVERLAP_DETECTED                                                                                                                                                       m6A modification in Herceptin resistant cells [MeRIP-Seq]

Outputs:
/home/regulus/Documents/ATLAS/data/enriched/dataset_candidates_independence_scored.csv
/home/regulus/Documents/ATLAS/data/enriched/transcriptomic_validation_candidates.csv
/home/regulus/Documents/ATLAS/data/enriched/multiomic_context_candidates.csv
