==============================================================================
ATLAS — 00D1 v2 PHENOTYPE METADATA AUDIT
==============================================================================
Datasets audited: 68
Samples audited: 1262

Audit summary:
             dataset_id  sample_n  currently_resistant_n  currently_sensitive_parental_n  currently_unresolved_n                resistance_hint_counts    control_hint_counts ambiguous_short_token_counts
          GEO:GSE327983       287                      0                               0                     287                                                                                          
          GEO:GSE123845       227                      0                               0                     227                                                                                          
          GEO:GSE217624        84                      0                               0                      84                                                                                          
          GEO:GSE161423        64                      0                               0                      64                                                 untreated:10                             
          GEO:GSE161420        60                      0                               0                      60                                                 untreated:10                             
          GEO:GSE161743        34                      0                               0                      34                                                                                          
  BIOSTUDIES:E-MTAB-965        24                      0                               0                      24                                                                                          
          GEO:GSE244537        20                      0                               0                      20                                                                                          
          GEO:GSE297715        20                      0                               0                      20                                                                                          
          GEO:GSE186402        19                      0                               0                      19                                                                                          
          GEO:GSE244535        14                      0                               0                      14                                                                                          
          GEO:GSE119397        13                      0                               0                      13                                                                                          
BIOSTUDIES:E-MTAB-12224        12                      0                               0                      12 trastuzumab resistant:6 | resistant:6                                                    
BIOSTUDIES:E-MTAB-12225        12                      0                               0                      12 trastuzumab resistant:6 | resistant:6                                                    
          GEO:GSE286038         8                      0                               0                       8                                                   vehicle:16                             
           GEO:GSE69042         8                      0                               0                       8                                                                                          
 BIOSTUDIES:E-MTAB-7433         6                      0                               0                       6                                                                                          
          GEO:GSE244533         6                      0                               0                       6                                                                                          
          GEO:GSE245486         8                      0                               4                       4                                       parental:4 | control:4                             
          GEO:GSE161422         4                      0                               0                       4                                                                                          

Outputs:
/home/regulus/Documents/ATLAS/data/enriched/phenotype_audit_summary_v2.csv
/home/regulus/Documents/ATLAS/data/enriched/phenotype_audit_samples_v2.csv
/home/regulus/Documents/ATLAS/data/enriched/phenotype_distinct_labels.csv
/home/regulus/Documents/ATLAS/data/enriched/phenotype_manual_mapping_template.csv
