==============================================================================
ATLAS — Stage 00D Metadata Enrichment + Download Planning
==============================================================================
Datasets selected: 30
Sources: ['GEO', 'SRA']
Workers: 6

[SRA] SRR33650052
  enriched samples: 1 (R=0, S/P=0, unresolved=1)

[SRA] SRR33650053
  enriched samples: 1 (R=0, S/P=0, unresolved=1)

[SRA] SRR33650054
  enriched samples: 1 (R=0, S/P=0, unresolved=1)

[SRA] SRR33650055
  enriched samples: 1 (R=0, S/P=0, unresolved=1)

[SRA] SRR33650056
  enriched samples: 1 (R=0, S/P=0, unresolved=1)

[SRA] SRR33650057
  enriched samples: 1 (R=0, S/P=0, unresolved=1)

[SRA] SRR33650058
  enriched samples: 1 (R=0, S/P=0, unresolved=1)

[SRA] SRR33650059
  enriched samples: 1 (R=0, S/P=0, unresolved=1)

[SRA] SRR33650060
  enriched samples: 1 (R=0, S/P=0, unresolved=1)

[SRA] SRR33650061
  enriched samples: 1 (R=0, S/P=0, unresolved=1)

[SRA] SRR33650062
  enriched samples: 1 (R=0, S/P=0, unresolved=1)

[SRA] SRR33650063
  enriched samples: 1 (R=0, S/P=0, unresolved=1)

[SRA] SRR33650064
  enriched samples: 1 (R=0, S/P=0, unresolved=1)

[SRA] SRR33650065
  enriched samples: 1 (R=0, S/P=0, unresolved=1)

[SRA] SRR33650066
  enriched samples: 1 (R=0, S/P=0, unresolved=1)

[SRA] SRR33650067
  enriched samples: 1 (R=0, S/P=0, unresolved=1)

[SRA] SRR33650068
  enriched samples: 1 (R=0, S/P=0, unresolved=1)

[SRA] SRR33650069
  enriched samples: 1 (R=0, S/P=0, unresolved=1)

[SRA] SRR33650070
  enriched samples: 1 (R=0, S/P=0, unresolved=1)

[SRA] SRR33650071
  enriched samples: 1 (R=0, S/P=0, unresolved=1)

[SRA] SRR33662215
  enriched samples: 1 (R=0, S/P=0, unresolved=1)

[SRA] SRR33662216
  enriched samples: 1 (R=0, S/P=0, unresolved=1)

[SRA] SRR33662217
  enriched samples: 1 (R=0, S/P=0, unresolved=1)

[GEO] GSE107473
  family SOFT samples discovered: 3
  enriched samples: 3 (R=0, S/P=0, unresolved=3)

[GEO] GSE119397
  family SOFT samples discovered: 13
  enriched samples: 13 (R=0, S/P=0, unresolved=13)

[GEO] GSE132055
  family SOFT samples discovered: 15
  enriched samples: 15 (R=0, S/P=0, unresolved=15)

[GEO] GSE15043
  family SOFT samples discovered: 10
  enriched samples: 10 (R=8, S/P=2, unresolved=0)

[GEO] GSE161743
  family SOFT samples discovered: 34
  enriched samples: 34 (R=0, S/P=0, unresolved=34)

[GEO] GSE17630
  family SOFT samples discovered: 2
  enriched samples: 2 (R=0, S/P=1, unresolved=1)

[GEO] GSE188513
  family SOFT samples discovered: 2
  enriched samples: 2 (R=0, S/P=0, unresolved=2)

==============================================================================
STAGE 00D COMPLETE
==============================================================================
Sample metadata rows (catalog total): 690
Planned SRA run files (catalog total): 27

/home/regulus/Documents/ATLAS/data/enriched/sample_metadata.csv
/home/regulus/Documents/ATLAS/data/enriched/download_manifest.csv
/home/regulus/Documents/ATLAS/data/enriched/dataset_enrichment_summary.csv
