==============================================================================
ATLAS — 00N TGF-BETA LEADING-EDGE COMPARISON
==============================================================================

[discovery]
  NES=1.787, FDR=0.004973527996149527
  leading-edge genes: 23
  FURIN, LTBP2, XIAP, SPTBN1, NOG, TJP1, MAP3K7, TRIM33, CTNNB1, TGFBR1, SMAD1, HDAC1, RAB31, PPM1A, RHOA, ID2, SKIL, ARID4B, TGFB1, SMURF2, ACVR1, FNTA, APC

[GSE121105]
2026-08-31 16:31:05,601 [WARNING] Duplicated values found in preranked stats: 0.06% of genes
The order of those genes will be arbitrary, which may produce unexpected results.
  NES=-1.505, FDR=0.03670291646070193
  leading-edge genes: 7
  THBS1, SLC20A1, ID3, ID1, SKI, HIPK2, SMAD7

[GSE237606]
  NES=1.624, FDR=0.007822625439733383
  leading-edge genes: 19
  RHOA, HDAC1, LTBP2, MAP3K7, FURIN, TRIM33, XIAP, IFNGR2, NCOR2, TGFBR1, ARID4B, SPTBN1, TGFB1, SMURF2, ACVR1, NOG, TGIF1, RAB31, SMAD1

Leading-edge overlap summary:
 discovery_NES  discovery_FDR  discovery_leading_edge_n  GSE121105_NES  GSE121105_FDR  GSE121105_leading_edge_n  GSE237606_NES  GSE237606_FDR  GSE237606_leading_edge_n  leading_edge_all_three  discovery_GSE237606_overlap  discovery_GSE237606_only  GSE121105_only  GSE121105_overlap_discovery  GSE121105_overlap_GSE237606
       1.78678       0.004974                        23      -1.505308       0.036703                         7        1.62378       0.007823                        19                       0                           16                        16               7                            0                            0

Key categories:

LEADING_EDGE_ALL_THREE (0):
None

DISCOVERY_GSE237606_ONLY (16):
ACVR1, ARID4B, FURIN, HDAC1, LTBP2, MAP3K7, NOG, RAB31, RHOA, SMAD1, SMURF2, SPTBN1, TGFB1, TGFBR1, TRIM33, XIAP

GSE121105_ONLY (7):
HIPK2, ID1, ID3, SKI, SLC20A1, SMAD7, THBS1

Interpretation:
- DISCOVERY_GSE237606_ONLY genes likely drive the reproducible positive TGF-beta program.
- GSE121105_ONLY genes likely drive the negative/context-specific TGF-beta program.
- LEADING_EDGE_ALL_THREE genes are shared pathway components, but their expression direction must be checked in the gene-level audit.

Outputs:
/home/regulus/Documents/ATLAS/results/external_validation/pathway_validation/discovery_tgfb_leading_edge.csv
/home/regulus/Documents/ATLAS/results/external_validation/pathway_validation/GSE121105_tgfb_leading_edge.csv
/home/regulus/Documents/ATLAS/results/external_validation/pathway_validation/GSE237606_tgfb_leading_edge.csv
/home/regulus/Documents/ATLAS/results/external_validation/pathway_validation/tgfb_leading_edge_overlap.csv
/home/regulus/Documents/ATLAS/results/external_validation/pathway_validation/tgfb_leading_edge_summary.csv
