============================================================
ATLAS — Stage 4L CMap Candidate Prioritization
============================================================

Input:
/home/regulus/Documents/ATLAS/results/cmap/parsed/ATLAS_CMap_cross_signature_tau.csv

Loading cross-signature CMap results...
Rows loaded: 2,837
Columns loaded: 12

Validating signature columns...
Missing tau values:
  ATLAS_SIG_A_TOP150: 5
  ATLAS_SIG_B_TOP100: 1
  ATLAS_SIG_B_TOP150: 0

Recalculating cross-signature statistics for audit...

Summary-column audit:
  PASS — summary statistics match.

Generating signature-level classification...

Assigning prioritization tiers...

Ranking candidates...

Saving prioritized results:
  ALL:    /home/regulus/Documents/ATLAS/results/cmap/prioritized/ATLAS_CMap_prioritized_all.csv
  TIER 1: /home/regulus/Documents/ATLAS/results/cmap/prioritized/ATLAS_CMap_tier1_strong_consensus.csv
  TIER 2: /home/regulus/Documents/ATLAS/results/cmap/prioritized/ATLAS_CMap_tier2_consistent.csv
  TIER 3: /home/regulus/Documents/ATLAS/results/cmap/prioritized/ATLAS_CMap_tier3_partial.csv
  TIER 4: /home/regulus/Documents/ATLAS/results/cmap/prioritized/ATLAS_CMap_tier4_weak_single.csv
  TOP 30: /home/regulus/Documents/ATLAS/results/cmap/prioritized/ATLAS_CMap_top_candidates.csv

============================================================
CMap PRIORITIZATION SUMMARY
============================================================

Total compounds: 2,837

Tier counts:
  Tier 1 — Strong consensus: 7
  Tier 2 — Consistent reversal: 497
  Tier 3 — Partial reversal: 737
  Tier 4 — Weak/single-signature: 1,596

Strong consensus candidates:

 priority_rank       pert_id        pert_iname  ATLAS_SIG_A_TOP150  ATLAS_SIG_B_TOP100  ATLAS_SIG_B_TOP150  n_negative  n_strong_negative   mean_tau  median_tau  minimum_tau
             1 BRD-K99447003       enalaprilat           -2.249479          -94.186320          -95.636980           3                  2 -64.024260  -94.186320   -95.636980
             2 BRD-A81541225      oligomycin-a          -31.808538          -93.997200          -97.533480           3                  2 -74.446406  -93.997200   -97.533480
             3 BRD-K89687904 PKCbeta-inhibitor          -24.450300          -90.709640          -97.772630           3                  2 -70.977523  -90.709640   -97.772630
             4 BRD-K33483813           actarit            0.000000          -98.731500          -94.041336           2                  2 -64.257612  -94.041336   -98.731500
             5 BRD-K45252063        clofibrate            0.000000          -95.066950          -93.316580           2                  2 -62.794510  -93.316580   -95.066950
             6 BRD-K19416115       sitagliptin            0.000000          -95.046020          -92.978720           2                  2 -62.674913  -92.978720   -95.046020
             7 BRD-K01976263           emetine            0.000000          -96.723045          -91.633950           2                  2 -62.785665  -91.633950   -96.723045

============================================================
TOP 30 PRIORITIZED CMap CANDIDATES
============================================================

 priority_rank  priority_tier_number       pert_id                        pert_iname  ATLAS_SIG_A_TOP150  ATLAS_SIG_B_TOP100  ATLAS_SIG_B_TOP150  n_negative  n_strong_negative   mean_tau  median_tau  minimum_tau
             1                     1 BRD-K99447003                       enalaprilat           -2.249479          -94.186320          -95.636980           3                  2 -64.024260  -94.186320   -95.636980
             2                     1 BRD-A81541225                      oligomycin-a          -31.808538          -93.997200          -97.533480           3                  2 -74.446406  -93.997200   -97.533480
             3                     1 BRD-K89687904                 PKCbeta-inhibitor          -24.450300          -90.709640          -97.772630           3                  2 -70.977523  -90.709640   -97.772630
             4                     1 BRD-K33483813                           actarit            0.000000          -98.731500          -94.041336           2                  2 -64.257612  -94.041336   -98.731500
             5                     1 BRD-K45252063                        clofibrate            0.000000          -95.066950          -93.316580           2                  2 -62.794510  -93.316580   -95.066950
             6                     1 BRD-K19416115                       sitagliptin            0.000000          -95.046020          -92.978720           2                  2 -62.674913  -92.978720   -95.046020
             7                     1 BRD-K01976263                           emetine            0.000000          -96.723045          -91.633950           2                  2 -62.785665  -91.633950   -96.723045
             8                     2 BRD-K98372770                            L-2167           -4.334038          -95.151430          -85.649376           3                  1 -61.711615  -85.649376   -95.151430
             9                     2 BRD-K13356952                     methazolamide          -19.686787          -95.771670          -85.611694           3                  1 -67.023384  -85.611694   -95.771670
            10                     2 BRD-K22096725                       ALW-II-49-7          -30.964382          -90.098976          -84.463036           3                  1 -68.508798  -84.463036   -90.098976
            11                     2 BRD-K09859624                     methantheline           -5.637197          -93.909650          -83.348440           3                  1 -60.965096  -83.348440   -93.909650
            12                     2 BRD-K55420858                             mirin          -17.979301          -91.832400          -80.718860           3                  1 -63.510187  -80.718860   -91.832400
            13                     2 BRD-K74236984                          UNC-0321          -16.522942          -78.778690          -91.155310           3                  1 -62.152314  -78.778690   -91.155310
            14                     2 BRD-A48237631                       mitomycin-c          -68.170520          -14.945600          -90.274840           3                  1 -57.796987  -68.170520   -90.274840
            15                     2 BRD-A30977374                        nifedipine           -7.082452          -63.485985          -92.370224           3                  1 -54.312887  -63.485985   -92.370224
            16                     2 BRD-U73238814                          QL-XI-92           -1.173027          -90.411026          -59.894768           3                  1 -50.492940  -59.894768   -90.411026
            17                     2 BRD-A82238138                        budesonide           -2.043693          -51.701840          -93.930910           3                  1 -49.225481  -51.701840   -93.930910
            18                     2 BRD-K55930204                         phenytoin          -37.665825          -91.621540          -43.434790           3                  1 -57.574052  -43.434790   -91.621540
            19                     2 BRD-A06352508                         SB-218078           -2.396054          -33.465538          -92.218640           3                  1 -42.693411  -33.465538   -92.218640
            20                     2 BRD-K93188295                           ARC-239           -3.623069          -86.813780          -89.505760           3                  0 -59.980870  -86.813780   -89.505760
            21                     2 BRD-K59222562                     BRD-K59222562          -22.267956          -89.291270          -86.783050           3                  0 -66.114092  -86.783050   -89.291270
            22                     2 BRD-K52662033                         lidocaine          -18.033361          -84.468930          -85.993546           3                  0 -62.831946  -84.468930   -85.993546
            23                     2 BRD-K84141129                      VU-0400193-3          -75.512900          -85.439865          -81.856476           3                  0 -80.936414  -81.856476   -85.439865
            24                     2 BRD-K93095519                         SJ-172550           -1.538687          -81.850030          -88.012360           3                  0 -57.133692  -81.850030   -88.012360
            25                     2 BRD-K94353609                      fluocinolone          -77.690400          -79.709700          -63.414906           3                  0 -73.605002  -77.690400   -79.709700
            26                     2 BRD-K23875128 RHO-kinase-inhibitor-III[rockout]          -39.115660          -75.695680          -82.661640           3                  0 -65.824327  -75.695680   -82.661640
            27                     2 BRD-K56343971                       vemurafenib           -0.458069          -75.634640          -75.796540           3                  0 -50.629750  -75.634640   -75.796540
            28                     2 BRD-A36010170                        amcinonide           -4.827343          -74.570600          -80.699104           3                  0 -53.365682  -74.570600   -80.699104
            29                     2 BRD-K48735772                         PD-158780          -37.132057          -88.892075          -72.680610           3                  0 -66.234914  -72.680610   -88.892075
            30                     2 BRD-K88677950                         PD-198306           -2.607470          -72.456375          -75.628550           3                  0 -50.230798  -72.456375   -75.628550

============================================================
INTERPRETATION
============================================================

Negative tau indicates that a compound's CMap expression signature tends to oppose the queried resistance signature.

Tier 1 candidates show strong reversal in at least two signatures and therefore receive the highest cross-signature priority.

This stage does NOT establish drug efficacy, FDA approval, clinical suitability, or mechanism.

FDA/drug-status filtering and molecular docking should be performed as separate downstream analyses.

============================================================
STAGE 4L CMap PRIORITIZATION COMPLETE
============================================================

Primary output:
/home/regulus/Documents/ATLAS/results/cmap/prioritized/ATLAS_CMap_prioritized_all.csv

Top-candidate output:
/home/regulus/Documents/ATLAS/results/cmap/prioritized/ATLAS_CMap_top_candidates.csv

