
============================================================
ATLAS — Stage 4M CMap Compound Identity & Drug Filtering
============================================================

Input:
/home/regulus/Documents/ATLAS/results/cmap/prioritized/ATLAS_CMap_prioritized_all.csv

Loading prioritized CMap compounds...
Rows loaded: 2,837
Columns loaded: 23

Unique perturbagens: 2,837

Resolving compound identities with PubChem...
This may take several minutes for thousands of compounds.

  1/2,837 compounds processed
  100/2,837 compounds processed
  200/2,837 compounds processed
  300/2,837 compounds processed
  400/2,837 compounds processed
  500/2,837 compounds processed
  600/2,837 compounds processed
  700/2,837 compounds processed
  800/2,837 compounds processed
  900/2,837 compounds processed
  1,000/2,837 compounds processed
  1,100/2,837 compounds processed
  1,200/2,837 compounds processed
  1,300/2,837 compounds processed
  1,400/2,837 compounds processed
  1,500/2,837 compounds processed
  1,600/2,837 compounds processed
  1,700/2,837 compounds processed
  1,800/2,837 compounds processed
  1,900/2,837 compounds processed
  2,000/2,837 compounds processed
  2,100/2,837 compounds processed
  2,200/2,837 compounds processed
  2,300/2,837 compounds processed
  2,400/2,837 compounds processed
  2,500/2,837 compounds processed
  2,600/2,837 compounds processed
  2,700/2,837 compounds processed
  2,800/2,837 compounds processed
  2,837/2,837 compounds processed

Saving Stage 4M outputs...

============================================================
STAGE 4M COMPOUND FILTER SUMMARY
============================================================

Total prioritized compounds: 2,837

PubChem identity resolution:
  Resolved: 2,564
  Unresolved: 273

Compound classification:
  identified_compound: 2,498
  research_or_tool_compound: 190
  manual_identity_review: 149

Downstream groups:
  LOWER_PRIORITY_IDENTIFIED_COMPOUND: 1,408
  CANDIDATE_FOR_DRUG_STATUS_REVIEW: 1,090
  RESEARCH_COMPOUND_REVIEW: 190
  MANUAL_IDENTITY_REVIEW: 149

============================================================
TIER 1 COMPOUND ANNOTATION
============================================================

 priority_rank       pert_id        pert_iname   mean_tau  median_tau  n_negative  n_strong_negative  pubchem_cid     pubchem_title compound_classification                downstream_status
             1 BRD-K99447003       enalaprilat -64.024260  -94.186320           3                  2    5462501.0       Enalaprilat     identified_compound CANDIDATE_FOR_DRUG_STATUS_REVIEW
             2 BRD-A81541225      oligomycin-a -74.446406  -93.997200           3                  2   52947716.0      Oligomycin A     identified_compound CANDIDATE_FOR_DRUG_STATUS_REVIEW
             3 BRD-K89687904 PKCbeta-inhibitor -70.977523  -90.709640           3                  2    6419755.0 PKCbeta Inhibitor     identified_compound CANDIDATE_FOR_DRUG_STATUS_REVIEW
             4 BRD-K33483813           actarit -64.257612  -94.041336           2                  2       2018.0           Actarit     identified_compound CANDIDATE_FOR_DRUG_STATUS_REVIEW
             5 BRD-K45252063        clofibrate -62.794510  -93.316580           2                  2       2796.0        Clofibrate     identified_compound CANDIDATE_FOR_DRUG_STATUS_REVIEW
             6 BRD-K19416115       sitagliptin -62.674913  -92.978720           2                  2    4369359.0       Sitagliptin     identified_compound CANDIDATE_FOR_DRUG_STATUS_REVIEW
             7 BRD-K01976263           emetine -62.785665  -91.633950           2                  2      10219.0           Emetine     identified_compound CANDIDATE_FOR_DRUG_STATUS_REVIEW

============================================================
STAGE 4M COMPLETE
============================================================

Primary annotation output:
/home/regulus/Documents/ATLAS/results/cmap/drug_filter/ATLAS_CMap_compound_annotations.csv

Candidates for Stage 4N:
/home/regulus/Documents/ATLAS/results/cmap/drug_filter/ATLAS_CMap_drug_candidates.csv

Research/tool compounds:
/home/regulus/Documents/ATLAS/results/cmap/drug_filter/ATLAS_CMap_research_compounds.csv

Manual identity review:
/home/regulus/Documents/ATLAS/results/cmap/drug_filter/ATLAS_CMap_manual_review.csv

Summary:
/home/regulus/Documents/ATLAS/results/cmap/drug_filter/ATLAS_CMap_filter_summary.csv

IMPORTANT:
No FDA/regulatory status has been inferred.
Stage 4N will independently verify drug/regulatory status.
