
============================================================================
ATLAS — Stage 04O Safety / Promiscuity / PAINS Screening
============================================================================

04M candidates available: 1,090
04O mode: priority
Candidates selected: 107
Candidates with PubChem CID: 107
04N regulatory evidence merged: YES
Assay enrichment: 40 CIDs in 2 batches
  assay batches 1/2
  assay batches 2/2
RDKit PAINS screening: AVAILABLE

============================================================================
STAGE 04O SUMMARY
============================================================================
safety_screening_recommendation  compound_count  tier1_count  tier2_count  median_safety_risk_score
          CAUTION_MANUAL_REVIEW              37            2           35                       3.0
         HIGH_RISK_DEPRIORITIZE              35            1           34                       8.0
        PASS_PRELIMINARY_SCREEN              26            4           22                       0.0
       INSUFFICIENT_SAFETY_DATA               9            0            9                       0.0

============================================================================
TIER 1 SAFETY SCREEN
============================================================================
 priority_rank        pert_iname pubchem_cid  pubchem_active_fraction  cytotoxicity_keyword_active_n severe_hazard_codes  pains_flag  safety_risk_score  safety_evidence_layers_n safety_data_completeness  hard_safety_flag safety_screening_recommendation                                                                                                  safety_screening_reasons
             1       enalaprilat     5462501                 0.038750                            0.0                           False                  0                         4                     GOOD             False         PASS_PRELIMINARY_SCREEN                                                                                                                          
             4           actarit        2018                 0.002692                            0.0                           False                  0                         4                     GOOD             False         PASS_PRELIMINARY_SCREEN                                                                                                                          
             5        clofibrate        2796                      NaN                            NaN                           False                  0                         2                  LIMITED             False         PASS_PRELIMINARY_SCREEN                                                                                                                          
             6       sitagliptin     4369359                      NaN                            NaN                           False                  0                         2                  LIMITED             False         PASS_PRELIMINARY_SCREEN                                                                                                                          
             3 PKCbeta-inhibitor     6419755                 0.772727                            0.0                           False                  3                         3                     GOOD             False           CAUTION_MANUAL_REVIEW                                                                                            high PubChem assay promiscuity
             2      oligomycin-a    52947716                 1.000000                            5.0                           False                  4                         3                     GOOD             False           CAUTION_MANUAL_REVIEW                                                                             multiple active cytotoxicity/viability assays
             7           emetine       10219                 0.479290                           51.0                H300       False                 13                         4                     GOOD              True          HIGH_RISK_DEPRIORITIZE fatal-acute-toxicity GHS annotation H300 | multiple active cytotoxicity/viability assays | high PubChem assay promiscuity

============================================================================
STAGE 04O COMPLETE
============================================================================

Outputs:
  /home/regulus/Documents/ATLAS/results/cmap/safety_screening/ATLAS_CMap_safety_screening.csv
  /home/regulus/Documents/ATLAS/results/cmap/safety_screening/ATLAS_CMap_safety_prioritized.csv
  /home/regulus/Documents/ATLAS/results/cmap/safety_screening/ATLAS_CMap_safety_manual_review.csv
  /home/regulus/Documents/ATLAS/results/cmap/safety_screening/ATLAS_CMap_safety_summary.csv
  /home/regulus/Documents/ATLAS/results/cmap/safety_screening/ATLAS_CMap_safety_metadata.json

Next: 04P — Drug-target annotation
