
==============================================================================
ATLAS — Stage 04S Target-Supported Molecular Docking
==============================================================================
Vina backend: Python API
OpenBabel backend: Python bindings

04R docking candidates: 4
Vina exhaustiveness: 16
Vina modes: 9

==============================================================================
DOCKING clofibrate -> CYP3A4
==============================================================================
PDB: 3NXU; protein chain: A; reference ligand: RIT
Box center: 36.69, -15.69, 29.69
Box size: 23.0 x 25.0 x 22.9 Å
==============================
*** Open Babel Warning  in PerceiveBondOrders
  Failed to kekulize aromatic bonds in OBMol::PerceiveBondOrders (title is /home/regulus/Documents/ATLAS/results/cmap/docking/01_clofibrate_CYP3A4_3NXU/receptor_clean.pdb)

Computing Vina grid ... done.
Performing docking (random seed: -1128997777) ... 
0%   10   20   30   40   50   60   70   80   90   100%
|----|----|----|----|----|----|----|----|----|----|
***************************************************

mode |   affinity | dist from best mode
     | (kcal/mol) | rmsd l.b.| rmsd u.b.
-----+------------+----------+----------
   1       -11.06          0          0
[17:05:45] Explicit valence for atom # 0 N, 4, is greater than permitted
[17:05:45] ERROR: Could not sanitize molecule ending on line 116
[17:05:45] ERROR: Explicit valence for atom # 0 N, 4, is greater than permitted
Protocol validation: COMPLETED_RMSD_UNAVAILABLE
Computing Vina grid ... done.
Performing docking (random seed: -1387979940) ... 
0%   10   20   30   40   50   60   70   80   90   100%
|----|----|----|----|----|----|----|----|----|----|
***************************************************

mode |   affinity | dist from best mode
     | (kcal/mol) | rmsd l.b.| rmsd u.b.
-----+------------+----------+----------
   1       -6.528          0          0
   2       -6.159      10.81      11.93
   3        -6.06      9.733      11.32
   4       -5.969      9.686      11.68
   5       -5.912      9.218      10.77
   6       -5.873      10.17      12.01
   7       -5.813      10.32      11.82
   8       -5.636      9.584      11.52
   9       -5.583      9.885      11.64
Best Vina affinity: -6.528 kcal/mol

==============================================================================
DOCKING sitagliptin -> DPP4
==============================================================================
PDB: 1X70; protein chain: A; reference ligand: 715
Box center: 41.18, 51.05, 35.63
Box size: 27.4 x 22.0 x 22.0 Å
==============================
*** Open Babel Warning  in PerceiveBondOrders
  Failed to kekulize aromatic bonds in OBMol::PerceiveBondOrders (title is /home/regulus/Documents/ATLAS/results/cmap/docking/02_sitagliptin_DPP4_1X70/receptor_clean.pdb)

Computing Vina grid ... done.
Performing docking (random seed: 1654081106) ... 
0%   10   20   30   40   50   60   70   80   90   100%
|----|----|----|----|----|----|----|----|----|----|
***************************************************

mode |   affinity | dist from best mode
     | (kcal/mol) | rmsd l.b.| rmsd u.b.
-----+------------+----------+----------
   1       -8.917          0          0
Protocol validation: PASS_RMSD_LE_2A
Computing Vina grid ... done.
Performing docking (random seed: -95703005) ... 
0%   10   20   30   40   50   60   70   80   90   100%
|----|----|----|----|----|----|----|----|----|----|
***************************************************

mode |   affinity | dist from best mode
     | (kcal/mol) | rmsd l.b.| rmsd u.b.
-----+------------+----------+----------
   1       -9.327          0          0
   2        -9.09      2.505      10.01
   3       -9.027      1.024      1.833
   4       -8.927      2.626       10.2
   5       -8.703      1.532      2.338
   6       -8.637      3.712      8.833
   7       -8.592      4.363      8.494
   8       -8.456      3.138      9.872
   9       -8.327      5.209      7.656
Best Vina affinity: -9.327 kcal/mol

==============================================================================
DOCKING tiotidine -> CYP2D6
==============================================================================
SKIPPED: no vetted experimental docking structure configured for this target.

==============================================================================
DOCKING SIB-1893 -> GRM5
==============================================================================
SKIPPED: no vetted experimental docking structure configured for this target.

==============================================================================
STAGE 04S SUMMARY
==============================================================================
 docking_rank  pert_iname target_symbol pdb_id                           docking_status  best_affinity_kcal_mol  reference_redocking_rmsd_A        protocol_validation critical_cofactor_retained
            2 sitagliptin          DPP4   1X70                                COMPLETED                  -9.327                    0.708592            PASS_RMSD_LE_2A                      False
            1  clofibrate        CYP3A4   3NXU                                COMPLETED                  -6.528                         NaN COMPLETED_RMSD_UNAVAILABLE                       True
            3   tiotidine        CYP2D6        SKIPPED_NO_VETTED_EXPERIMENTAL_STRUCTURE                     NaN                         NaN             NOT_APPLICABLE                        NaN
            4    SIB-1893          GRM5        SKIPPED_NO_VETTED_EXPERIMENTAL_STRUCTURE                     NaN                         NaN             NOT_APPLICABLE                        NaN

==============================================================================
STAGE 04S COMPLETE
==============================================================================

Outputs:
  /home/regulus/Documents/ATLAS/results/cmap/docking/ATLAS_docking_results.csv
  /home/regulus/Documents/ATLAS/results/cmap/docking/ATLAS_docking_summary.csv
  /home/regulus/Documents/ATLAS/results/cmap/docking/ATLAS_docking_metadata.json

Per-pair receptor, ligand, pose, and log files are under:
  /home/regulus/Documents/ATLAS/results/cmap/docking

Next: 04T — ADMET / structural assessment
