
==============================================================================
ATLAS — Stage 04T ADMET / Structural Developability Assessment
==============================================================================

Candidates selected: 25

==============================================================================
STAGE 04T SUMMARY
==============================================================================
                          04t_decision  compound_count  median_developability_score  median_qed  median_esol_logS
                        ADVANCE_TO_04U               1                         3.00    0.621638         -5.100193
ADVANCE_TO_04U_NO_EXPERIMENTAL_DOCKING               2                         2.75    0.451555         -3.730973
   ADVANCE_TO_04U_WITH_DOCKING_CAUTION               1                         4.50    0.761605         -5.646752
                          DEPRIORITIZE               5                        -3.50    0.244941        -10.731322
                                  HOLD               3                         1.50    0.545342         -9.861314
                   KEEP_FOR_04U_REVIEW              13                         3.50    0.623041         -5.578517

==============================================================================
TOP 04T CANDIDATES
==============================================================================
 04t_rank  priority_rank        pert_iname structural_developability_category  structural_developability_score  molecular_weight    clogp   tpsa      qed  esol_logS  lipinski_violations  veber_violations  pains_alert_n_04t  brenk_alert_n                           docking_status  best_affinity_kcal_mol        protocol_validation                           04t_decision
        1              6       sitagliptin            ACCEPTABLE_WITH_CAUTION                              3.0           407.318  2.01650  77.04 0.621638  -5.100193                    0                 0                  0              1                                COMPLETED                  -9.327            PASS_RMSD_LE_2A                         ADVANCE_TO_04U
        2              5        clofibrate            ACCEPTABLE_WITH_CAUTION                              4.5           242.702  3.06050  35.53 0.761605  -5.646752                    0                 0                  0              0                                COMPLETED                  -6.528 COMPLETED_RMSD_UNAVAILABLE    ADVANCE_TO_04U_WITH_DOCKING_CAUTION
        3             80          SIB-1893            ACCEPTABLE_WITH_CAUTION                              4.5           195.265  3.56042  12.89 0.713598  -6.206473                    0                 0                  0              0 SKIPPED_NO_VETTED_EXPERIMENTAL_STRUCTURE                     NaN             NOT_APPLICABLE ADVANCE_TO_04U_NO_EXPERIMENTAL_DOCKING
        4             61         tiotidine         STRUCTURAL_REVIEW_REQUIRED                              1.0           312.428 -0.07272 137.50 0.189512  -1.255474                    0                 0                  0              5 SKIPPED_NO_VETTED_EXPERIMENTAL_STRUCTURE                     NaN             NOT_APPLICABLE ADVANCE_TO_04U_NO_EXPERIMENTAL_DOCKING
        5             75       rilmenidine           FAVORABLE_DEVELOPABILITY                              7.0           180.251  1.15080  33.62 0.706540  -2.485756                    0                 0                  0              0                                      NaN                     NaN                        NaN                    KEEP_FOR_04U_REVIEW
        6             34        resorcinol           FAVORABLE_DEVELOPABILITY                              6.0           110.112  1.09780  40.46 0.524584  -2.119894                    0                 0                  0              0                                      NaN                     NaN                        NaN                    KEEP_FOR_04U_REVIEW
        7             22         lidocaine           FAVORABLE_DEVELOPABILITY                              6.0           234.343  2.58374  32.34 0.848967  -4.815242                    0                 0                  0              0                                      NaN                     NaN                        NaN                    KEEP_FOR_04U_REVIEW
        8             33     phenprobamate           FAVORABLE_DEVELOPABILITY                              5.5           179.219  1.71450  52.32 0.715216  -3.228446                    0                 0                  0              1                                      NaN                     NaN                        NaN                    KEEP_FOR_04U_REVIEW
        9             82      palonosetron            ACCEPTABLE_WITH_CAUTION                              4.5           296.414  2.65650  23.55 0.795250  -5.578517                    0                 0                  0              0                                      NaN                     NaN                        NaN                    KEEP_FOR_04U_REVIEW
       10              1       enalaprilat            ACCEPTABLE_WITH_CAUTION                              4.0           348.399  1.12610 106.94 0.649983  -3.145384                    0                 0                  0              0                                      NaN                     NaN                        NaN                    KEEP_FOR_04U_REVIEW
       11             47          GR-55562            ACCEPTABLE_WITH_CAUTION                              3.5           375.472  4.20070  65.46 0.649497  -7.964548                    0                 0                  0              0                                      NaN                     NaN                        NaN                    KEEP_FOR_04U_REVIEW
       12             69          SR-27897            ACCEPTABLE_WITH_CAUTION                              3.5           411.870  4.75510  84.22 0.495746  -9.149101                    0                 0                  0              0                                      NaN                     NaN                        NaN                    KEEP_FOR_04U_REVIEW
       13             85              YC-1            ACCEPTABLE_WITH_CAUTION                              3.5           304.349  3.83690  51.19 0.623041  -7.160922                    0                 0                  0              0                                      NaN                     NaN                        NaN                    KEEP_FOR_04U_REVIEW
       14             15        nifedipine            ACCEPTABLE_WITH_CAUTION                              3.5           346.339  2.17560 107.77 0.505505  -4.970862                    0                 0                  0              2                                      NaN                     NaN                        NaN                    KEEP_FOR_04U_REVIEW
       15              3 PKCbeta-inhibitor            ACCEPTABLE_WITH_CAUTION                              3.0           411.465  3.40770  80.95 0.456889  -6.998052                    0                 0                  0              1                                      NaN                     NaN                        NaN                    KEEP_FOR_04U_REVIEW

==============================================================================
STAGE 04T COMPLETE
==============================================================================

Outputs:
  /home/regulus/Documents/ATLAS/results/cmap/admet_structural/ATLAS_ADMET_structural_assessment.csv
  /home/regulus/Documents/ATLAS/results/cmap/admet_structural/ATLAS_ADMET_structural_prioritized.csv
  /home/regulus/Documents/ATLAS/results/cmap/admet_structural/ATLAS_ADMET_structural_summary.csv
  /home/regulus/Documents/ATLAS/results/cmap/admet_structural/ATLAS_ADMET_structural_metadata.json

Next: 04U — Integrated evidence matrix
